
> agent-council-front-end@0.1.0 build
> next build

Γû▓ Next.js 16.1.6 (Turbopack)
- Environments: .env.local

  Creating an optimized production build ...
node.exe : 
At line:1 char:1
+ & "C:\Program 
Files\nodejs/node.exe" 
"C:\Program 
Files\nodejs/node_mo ...
+ ~~~~~~~~~~~~~~~~~~~~~~
~~~~~~~~~~~~~~~~~~~~~~~~
~~~~~~~~~~~~~~~~~~~~~~~
    + CategoryInfo      
        : NotSpecified  
  : (:String) [], Rem   
 oteException
    + FullyQualifiedErr 
   orId : NativeComman  
  dError
 
> Build error occurred
Error: Turbopack build 
failed with 8 errors:
./src/app/evidence/page.
tsx:1:41
Ecmascript file had an 
error
[0m[31m[1m>[22m[39m
[90m 1 |[39m 
[36mimport[39m { 
useState[33m,[39m 
useRef[33m,[39m 
useCallback[33m,[39m 
useEffect } 
[36mfrom[39m [32m"rea
ct"[39m[33m;[39m
 [90m   |[39m         
                        
        [31m[1m^[22m
[39m[31m[1m^[22m[39m
[31m[1m^[22m[39m[31
m[1m^[22m[39m[31m[1
m^[22m[39m[31m[1m^[
22m[39m[31m[1m^[22m
[39m[31m[1m^[22m[39m
[31m[1m^[22m[39m
 [90m 2 |[39m 
[36mimport[39m { 
motion[33m,[39m [33mA
nimatePresence[39m } 
[36mfrom[39m [32m"fra
mer-motion"[39m[33m;[
39m
 [90m 3 |[39m 
[36mimport[39m { [33m
Upload[39m[33m,[39m 
[33mFileCheck[39m[33m,
[39m [33mCheckCircle[
39m[33m,[39m [33mRefr
eshCw[39m[33m,[39m [
33mArrowRight[39m[33m,
[39m [33mLoader2[39m 
} [36mfrom[39m [32m"l
ucide-react"[39m[33m;
[39m
 [90m 4 |[39m 
[36mimport[39m { 
useRouter } 
[36mfrom[39m [32m"nex
t/navigation"[39m[33m;
[39m[0m

You're importing a 
component that needs 
`useEffect`. This React 
Hook only works in a 
Client Component. To 
fix, mark the file (or 
its parent) with the 
`"use client"` 
directive.

 Learn more: https://nex
tjs.org/docs/app/api-ref
erence/directives/use-cl
ient




./src/app/evidence/page.
tsx:1:20
Ecmascript file had an 
error
[0m[31m[1m>[22m[39m
[90m 1 |[39m 
[36mimport[39m { 
useState[33m,[39m 
useRef[33m,[39m 
useCallback[33m,[39m 
useEffect } 
[36mfrom[39m [32m"rea
ct"[39m[33m;[39m
 [90m   |[39m         
           [31m[1m^[2
2m[39m[31m[1m^[22m[
39m[31m[1m^[22m[39m
[31m[1m^[22m[39m[31m
[1m^[22m[39m[31m[1m
^[22m[39m
 [90m 2 |[39m 
[36mimport[39m { 
motion[33m,[39m [33mA
nimatePresence[39m } 
[36mfrom[39m [32m"fra
mer-motion"[39m[33m;[
39m
 [90m 3 |[39m 
[36mimport[39m { [33m
Upload[39m[33m,[39m 
[33mFileCheck[39m[33m,
[39m [33mCheckCircle[
39m[33m,[39m [33mRefr
eshCw[39m[33m,[39m [
33mArrowRight[39m[33m,
[39m [33mLoader2[39m 
} [36mfrom[39m [32m"l
ucide-react"[39m[33m;
[39m
 [90m 4 |[39m 
[36mimport[39m { 
useRouter } 
[36mfrom[39m [32m"nex
t/navigation"[39m[33m;
[39m[0m

You're importing a 
component that needs 
`useRef`. This React 
Hook only works in a 
Client Component. To 
fix, mark the file (or 
its parent) with the 
`"use client"` 
directive.

 Learn more: https://nex
tjs.org/docs/app/api-ref
erence/directives/use-cl
ient




./src/app/evidence/page.
tsx:4:10
Ecmascript file had an 
error
[0m [90m 2 |[39m 
[36mimport[39m { 
motion[33m,[39m [33mA
nimatePresence[39m } 
[36mfrom[39m [32m"fra
mer-motion"[39m[33m;[
39m
 [90m 3 |[39m 
[36mimport[39m { [33m
Upload[39m[33m,[39m 
[33mFileCheck[39m[33m,
[39m [33mCheckCircle[
39m[33m,[39m [33mRefr
eshCw[39m[33m,[39m [
33mArrowRight[39m[33m,
[39m [33mLoader2[39m 
} [36mfrom[39m [32m"l
ucide-react"[39m[33m;
[39m
[31m[1m>[22m[39m[90
m 4 |[39m 
[36mimport[39m { 
useRouter } 
[36mfrom[39m [32m"nex
t/navigation"[39m[33m;
[39m
 [90m   |[39m         
 [31m[1m^[22m[39m[3
1m[1m^[22m[39m[31m[
1m^[22m[39m[31m[1m^
[22m[39m[31m[1m^[22m
[39m[31m[1m^[22m[39
m[31m[1m^[22m[39m[3
1m[1m^[22m[39m[31m[
1m^[22m[39m
 [90m 5 |[39m 
[36mimport[39m { 
useForensicData } 
[36mfrom[39m [32m"@/h
ooks/useForensicData"[3
9m[33m;[39m
 [90m 6 |[39m 
[36mimport[39m { 
[33mAgentResult[39m } 
[36mfrom[39m [32m"@/t
ypes"[39m[33m;[39m
 [90m 7 |[39m 
[36mimport[39m { 
[33mAgentIcon[39m } 
[36mfrom[39m [32m"@/c
omponents/ui/AgentIcon"
[39m[33m;[39m[0m

You're importing a 
component that needs 
`useRouter`. This React 
Hook only works in a 
Client Component. To 
fix, mark the file (or 
its parent) with the 
`"use client"` 
directive.

 Learn more: https://nex
tjs.org/docs/app/api-ref
erence/directives/use-cl
ient




./src/app/evidence/page.
tsx:1:10
Ecmascript file had an 
error
[0m[31m[1m>[22m[39m
[90m 1 |[39m 
[36mimport[39m { 
useState[33m,[39m 
useRef[33m,[39m 
useCallback[33m,[39m 
useEffect } 
[36mfrom[39m [32m"rea
ct"[39m[33m;[39m
 [90m   |[39m         
 [31m[1m^[22m[39m[3
1m[1m^[22m[39m[31m[
1m^[22m[39m[31m[1m^
[22m[39m[31m[1m^[22m
[39m[31m[1m^[22m[39
m[31m[1m^[22m[39m[3
1m[1m^[22m[39m
 [90m 2 |[39m 
[36mimport[39m { 
motion[33m,[39m [33mA
nimatePresence[39m } 
[36mfrom[39m [32m"fra
mer-motion"[39m[33m;[
39m
 [90m 3 |[39m 
[36mimport[39m { [33m
Upload[39m[33m,[39m 
[33mFileCheck[39m[33m,
[39m [33mCheckCircle[
39m[33m,[39m [33mRefr
eshCw[39m[33m,[39m [
33mArrowRight[39m[33m,
[39m [33mLoader2[39m 
} [36mfrom[39m [32m"l
ucide-react"[39m[33m;
[39m
 [90m 4 |[39m 
[36mimport[39m { 
useRouter } 
[36mfrom[39m [32m"nex
t/navigation"[39m[33m;
[39m[0m

You're importing a 
component that needs 
`useState`. This React 
Hook only works in a 
Client Component. To 
fix, mark the file (or 
its parent) with the 
`"use client"` 
directive.

 Learn more: https://nex
tjs.org/docs/app/api-ref
erence/directives/use-cl
ient




./src/app/result/page.ts
x:4:10
Ecmascript file had an 
error
[0m [90m 2 |[39m 
[36mimport[39m { 
motion[33m,[39m [33mA
nimatePresence[39m } 
[36mfrom[39m [32m"fra
mer-motion"[39m[33m;[
39m
 [90m 3 |[39m 
[36mimport[39m { [33m
Clock[39m[33m,[39m [
33mTrash2[39m[33m,[39
m [33mAlertTriangle[39
m[33m,[39m [33mChevro
nDown[39m[33m,[39m [
33mDownload[39m[33m,[
39m [33mFileText[39m[
33m,[39m [33mFileJson
[39m[33m,[39m 
[33mFileType[39m } 
[36mfrom[39m [32m"luc
ide-react"[39m[33m;[3
9m
[31m[1m>[22m[39m[90
m 4 |[39m 
[36mimport[39m { 
useRouter } 
[36mfrom[39m [32m"nex
t/navigation"[39m[33m;
[39m
 [90m   |[39m         
 [31m[1m^[22m[39m[3
1m[1m^[22m[39m[31m[
1m^[22m[39m[31m[1m^
[22m[39m[31m[1m^[22m
[39m[31m[1m^[22m[39
m[31m[1m^[22m[39m[3
1m[1m^[22m[39m[31m[
1m^[22m[39m
 [90m 5 |[39m 
[36mimport[39m clsx 
[36mfrom[39m [32m"cls
x"[39m[33m;[39m
 [90m 6 |[39m 
[36mimport[39m { 
[33mAgentIcon[39m } 
[36mfrom[39m [32m"@/c
omponents/ui/AgentIcon"
[39m[33m;[39m
 [90m 7 |[39m 
[36mimport[39m { 
useForensicData } 
[36mfrom[39m [32m"@/h
ooks/useForensicData"[3
9m[33m;[39m[0m

You're importing a 
component that needs 
`useRouter`. This React 
Hook only works in a 
Client Component. To 
fix, mark the file (or 
its parent) with the 
`"use client"` 
directive.

 Learn more: https://nex
tjs.org/docs/app/api-ref
erence/directives/use-cl
ient




./src/app/result/page.ts
x:1:10
Ecmascript file had an 
error
[0m[31m[1m>[22m[39m
[90m 1 |[39m 
[36mimport[39m { 
useState } 
[36mfrom[39m [32m"rea
ct"[39m[33m;[39m
 [90m   |[39m         
 [31m[1m^[22m[39m[3
1m[1m^[22m[39m[31m[
1m^[22m[39m[31m[1m^
[22m[39m[31m[1m^[22m
[39m[31m[1m^[22m[39
m[31m[1m^[22m[39m[3
1m[1m^[22m[39m
 [90m 2 |[39m 
[36mimport[39m { 
motion[33m,[39m [33mA
nimatePresence[39m } 
[36mfrom[39m [32m"fra
mer-motion"[39m[33m;[
39m
 [90m 3 |[39m 
[36mimport[39m { [33m
Clock[39m[33m,[39m [
33mTrash2[39m[33m,[39
m [33mAlertTriangle[39
m[33m,[39m [33mChevro
nDown[39m[33m,[39m [
33mDownload[39m[33m,[
39m [33mFileText[39m[
33m,[39m [33mFileJson
[39m[33m,[39m 
[33mFileType[39m } 
[36mfrom[39m [32m"luc
ide-react"[39m[33m;[3
9m
 [90m 4 |[39m 
[36mimport[39m { 
useRouter } 
[36mfrom[39m [32m"nex
t/navigation"[39m[33m;
[39m[0m

You're importing a 
component that needs 
`useState`. This React 
Hook only works in a 
Client Component. To 
fix, mark the file (or 
its parent) with the 
`"use client"` 
directive.

 Learn more: https://nex
tjs.org/docs/app/api-ref
erence/directives/use-cl
ient




./src/hooks/useForensicD
ata.ts:1:20
Ecmascript file had an 
error
[0m[31m[1m>[22m[39m
[90m 1 |[39m 
[36mimport[39m { 
useState[33m,[39m 
useEffect } 
[36mfrom[39m [32m"rea
ct"[39m[33m;[39m
 [90m   |[39m         
           [31m[1m^[2
2m[39m[31m[1m^[22m[
39m[31m[1m^[22m[39m
[31m[1m^[22m[39m[31m
[1m^[22m[39m[31m[1m
^[22m[39m[31m[1m^[2
2m[39m[31m[1m^[22m[
39m[31m[1m^[22m[39m
 [90m 2 |[39m 
[36mimport[39m { 
[33mReport[39m } 
[36mfrom[39m [32m"@/t
ypes"[39m[33m;[39m
 [90m 3 |[39m 
[36mimport[39m { [33m
HistorySchema[39m[33m,
[39m 
[33mReportSchema[39m 
} [36mfrom[39m [32m"@
/lib/schemas"[39m[33m;
[39m
 [90m 4 |[39m[0m

You're importing a 
component that needs 
`useEffect`. This React 
Hook only works in a 
Client Component. To 
fix, mark the file (or 
its parent) with the 
`"use client"` 
directive.

 Learn more: https://nex
tjs.org/docs/app/api-ref
erence/directives/use-cl
ient



Import trace:
  Server Component:
    ./src/hooks/useForen
sicData.ts
    ./src/app/evidence/p
age.tsx


./src/hooks/useForensicD
ata.ts:1:10
Ecmascript file had an 
error
[0m[31m[1m>[22m[39m
[90m 1 |[39m 
[36mimport[39m { 
useState[33m,[39m 
useEffect } 
[36mfrom[39m [32m"rea
ct"[39m[33m;[39m
 [90m   |[39m         
 [31m[1m^[22m[39m[3
1m[1m^[22m[39m[31m[
1m^[22m[39m[31m[1m^
[22m[39m[31m[1m^[22m
[39m[31m[1m^[22m[39
m[31m[1m^[22m[39m[3
1m[1m^[22m[39m
 [90m 2 |[39m 
[36mimport[39m { 
[33mReport[39m } 
[36mfrom[39m [32m"@/t
ypes"[39m[33m;[39m
 [90m 3 |[39m 
[36mimport[39m { [33m
HistorySchema[39m[33m,
[39m 
[33mReportSchema[39m 
} [36mfrom[39m [32m"@
/lib/schemas"[39m[33m;
[39m
 [90m 4 |[39m[0m

You're importing a 
component that needs 
`useState`. This React 
Hook only works in a 
Client Component. To 
fix, mark the file (or 
its parent) with the 
`"use client"` 
directive.

 Learn more: https://nex
tjs.org/docs/app/api-ref
erence/directives/use-cl
ient



Import trace:
  Server Component:
    ./src/hooks/useForen
sicData.ts
    ./src/app/evidence/p
age.tsx


    at <unknown> (./src/
app/evidence/page.tsx:1:
41)
    at <unknown> (./src/
app/evidence/page.tsx:1:
20)
    at <unknown> (./src/
app/evidence/page.tsx:4:
10)
    at <unknown> (./src/
app/evidence/page.tsx:1:
10)
    at <unknown> (./src/
app/result/page.tsx:4:10
)
    at <unknown> (./src/
app/result/page.tsx:1:10
)
    at <unknown> (./src/
hooks/useForensicData.ts
:1:20)
    at <unknown> (./src/
hooks/useForensicData.ts
:1:10)
